// Jest Snapshot v1, https://goo.gl/fbAQLP

exports[`<App /> renders this UI as expected 1`] = `
<main
  className="App"
>
  <section>
    <div
      className="participant-list"
    >
      <div
        className="Participant"
      >
        <img
          alt="Koren Templeton"
          src="https://robohash.org/itaquevoluptatumrerum.jpg?size=200x200&set=set1"
        />
        <h3>
          Koren Templeton
        </h3>
        <p>
          in session
        </p>
      </div>
      <div
        className="Participant"
      >
        <img
          alt="Caty Flucker"
          src="https://robohash.org/doloredolorescupiditate.jpg?size=200x200&set=set1"
        />
        <h3>
          Caty Flucker
        </h3>
        <p>
          in session
        </p>
      </div>
      
      <div
        className="Participant"
      >
        <img
          alt="Frank Runciman"
          src="https://robohash.org/etexercitationemassumenda.jpg?size=200x200&set=set1"
        />
        <h3>
          Frank Runciman
        </h3>
        <p>
          in session
        </p>
      </div>
      <div
        className="Participant"
      >
        <img
          alt="Ashla Attwool"
          src="https://robohash.org/iustodoloremqueinventore.jpg?size=200x200&set=set1"
        />
        <h3>
          Ashla Attwool
        </h3>
        <p>
          in session
        </p>
      </div>
    </div>
  </section>
  <section>
    <div
      className="participant-list"
    >
      <div
        className="StagePart"
      >
        <h3>
          Koren Templeton
        </h3>
        <img
          alt="Koren Templeton"
          src="https://robohash.org/itaquevoluptatumrerum.jpg?size=200x200&set=set1"
        />
      </div>
      <div
        className="StagePart"
      >
        <h3>
          Ashla Attwool
        </h3>
        <img
          alt="Ashla Attwool"
          src="https://robohash.org/iustodoloremqueinventore.jpg?size=200x200&set=set1"
        />
      </div>
    </div>
  </section>
  <section>
    <div
      className="chat-list"
    >
      <hr />
      <div
        className="Chat-event"
      >
        <img
          alt="Axe Kubicka"
          src="https://robohash.org/utlaborumfugit.jpg?size=200x200&set=set1"
        />
        <h3>
          Axe Kubicka
        </h3>
        <p>
          7:50
        </p>
        <p>
          Hello world
        </p>
        <p>
          
        </p>
      </div>
      <div
        className="Chat-event"
      >
        <img
          alt="Caty Flucker"
          src="https://robohash.org/doloredolorescupiditate.jpg?size=200x200&set=set1"
        />
        <h3>
          Caty Flucker
        </h3>
        <p>
          
        </p>
        <p>
          
        </p>
        <p>
          gave a thumbs up
        </p>
      </div>
      <div
        className="Chat-event"
      >
        <img
          alt="Frank Runciman"
          src="https://robohash.org/etexercitationemassumenda.jpg?size=200x200&set=set1"
        />
        <h3>
          Frank Runciman
        </h3>
        <p>
          
        </p>
        <p>
          
        </p>
        <p>
          gave a thumbs down
        </p>
      </div>
      <div
        className="Chat-event"
      >
        <img
          alt="Koren Templeton"
          src="https://robohash.org/itaquevoluptatumrerum.jpg?size=200x200&set=set1"
        />
        <h3>
          Koren Templeton
        </h3>
        <p>
          
        </p>
        <p>
          
        </p>
        <p>
          raised their hand
        </p>
      </div>
      <div
        className="Chat-event"
      >
        <img
          alt="Koren Templeton"
          src="https://robohash.org/itaquevoluptatumrerum.jpg?size=200x200&set=set1"
        />
        <h3>
          Koren Templeton
        </h3>
        <p>
          
        </p>
        <p>
          
        </p>
        <p>
          clapped
        </p>
      </div>
      <div
        className="Chat-event"
      >
        <img
          alt="Koren Templeton"
          src="https://robohash.org/itaquevoluptatumrerum.jpg?size=200x200&set=set1"
        />
        <h3>
          Koren Templeton
        </h3>
        <p>
          
        </p>
        <p>
          
        </p>
        <p>
          joined the room
        </p>
      </div>
      <div
        className="Chat-event"
      >
        <img
          alt="Ashla Attwool"
          src="https://robohash.org/iustodoloremqueinventore.jpg?size=200x200&set=set1"
        />
        <h3>
          Ashla Attwool
        </h3>
        <p>
          
        </p>
        <p>
          
        </p>
        <p>
          left the room
        </p>
      </div>
      <div
        className="Chat-event"
      >
        <img
          alt="Axe Kubicka"
          src="https://robohash.org/utlaborumfugit.jpg?size=200x200&set=set1"
        />
        <h3>
          Axe Kubicka
        </h3>
        <p>
          
        </p>
        <p>
          
        </p>
        <p>
          joined the stage
        </p>
      </div>
      <div
        className="Chat-event"
      >
        <img
          alt="Axe Kubicka"
          src="https://robohash.org/utlaborumfugit.jpg?size=200x200&set=set1"
        />
        <h3>
          Axe Kubicka
        </h3>
        <p>
          
        </p>
        <p>
          
        </p>
        <p>
          left the stage
        </p>
      </div>
    </div>
  </section>
</main>
`;
